// Jest Snapshot v1, https://goo.gl/fbAQLP

exports[`Pruebas del counter APP Hacer match con el snapshot del counter 1`] = `
<div>
  <h1>
    Counter App
  </h1>
  <h2>
    100
  </h2>
  <button>
    +1
  </button>
  <button>
     -1 
  </button>
  <button
    aria-label="btn-reset"
  >
    reset
  </button>
</div>
`;
